[    0.000000] Linux version 4.15.0-212-generic (buildd@lcy02-amd64-083) (gcc version 7.5.0 (Ubuntu 7.5.0-3ubuntu1~18.04)) #223-Ubuntu SMP Tue May 23 13:09:22 UTC 2023 (Ubuntu 4.15.0-212.223-generic 4.15.18)
[    0.000000] Command line: BOOT_IMAGE=/boot/vmlinuz-4.15.0-212-generic root=LABEL=cloudimg-rootfs ro console=tty1 console=ttyS0
[    0.000000] KERNEL supported cpus:
[    0.000000]   Intel GenuineIntel
[    0.000000]   AMD AuthenticAMD
[    0.000000]   Centaur CentaurHauls
[    0.000000] [Firmware Bug]: TSC doesn't count with P0 frequency!
[    0.000000] x86/fpu: x87 FPU will use FXSAVE
[    0.000000] e820: BIOS-provided physical RAM map:
[    0.000000] BIOS-e820: [mem 0x0000000000000000-0x000000000009fbff] usable
[    0.000000] BIOS-e820: [mem 0x000000000009fc00-0x000000000009ffff] reserved
[    0.000000] BIOS-e820: [mem 0x00000000000f0000-0x00000000000fffff] reserved
[    0.000000] BIOS-e820: [mem 0x0000000000100000-0x000000001ffeffff] usable
[    0.000000] BIOS-e820: [mem 0x000000001fff0000-0x000000001fffffff] ACPI data
[    0.000000] BIOS-e820: [mem 0x00000000fec00000-0x00000000fec00fff] reserved
[    0.000000] BIOS-e820: [mem 0x00000000fee00000-0x00000000fee00fff] reserved
[    0.000000] BIOS-e820: [mem 0x00000000fffc0000-0x00000000ffffffff] reserved
[    0.000000] NX (Execute Disable) protection: active
[    0.000000] SMBIOS 2.5 present.
[    0.000000] DMI: innotek GmbH VirtualBox/VirtualBox, BIOS VirtualBox 12/01/2006
[    0.000000] Hypervisor detected: KVM
[    0.000000] e820: last_pfn = 0x1fff0 max_arch_pfn = 0x400000000
[    0.000000] MTRR: Disabled
[    0.000000] x86/PAT: MTRRs disabled, skipping PAT initialization too.
[    0.000000] CPU MTRRs all blank - virtualized system.
[    0.000000] x86/PAT: Configuration [0-7]: WB  WT  UC- UC  WB  WT  UC- UC  
[    0.000000] found SMP MP-table at [mem 0x0009fff0-0x0009ffff]
[    0.000000] Scanning 1 areas for low memory corruption
[    0.000000] RAMDISK: [mem 0x1db01000-0x1ee12fff]
[    0.000000] ACPI: Early table checksum verification disabled
[    0.000000] ACPI: RSDP 0x00000000000E0000 000024 (v02 VBOX  )
[    0.000000] ACPI: XSDT 0x000000001FFF0030 00003C (v01 VBOX   VBOXXSDT 00000001 ASL  00000061)
[    0.000000] ACPI: FACP 0x000000001FFF00F0 0000F4 (v04 VBOX   VBOXFACP 00000001 ASL  00000061)
[    0.000000] ACPI: DSDT 0x000000001FFF0610 002353 (v02 VBOX   VBOXBIOS 00000002 INTL 20100528)
[    0.000000] ACPI: FACS 0x000000001FFF0200 000040
[    0.000000] ACPI: FACS 0x000000001FFF0200 000040
[    0.000000] ACPI: APIC 0x000000001FFF0240 000054 (v02 VBOX   VBOXAPIC 00000001 ASL  00000061)
[    0.000000] ACPI: SSDT 0x000000001FFF02A0 00036C (v01 VBOX   VBOXCPUT 00000002 INTL 20100528)
[    0.000000] ACPI: Reserving FACP table memory at [mem 0x1fff00f0-0x1fff01e3]
[    0.000000] ACPI: Reserving DSDT table memory at [mem 0x1fff0610-0x1fff2962]
[    0.000000] ACPI: Reserving FACS table memory at [mem 0x1fff0200-0x1fff023f]
[    0.000000] ACPI: Reserving FACS table memory at [mem 0x1fff0200-0x1fff023f]
[    0.000000] ACPI: Reserving APIC table memory at [mem 0x1fff0240-0x1fff0293]
[    0.000000] ACPI: Reserving SSDT table memory at [mem 0x1fff02a0-0x1fff060b]
[    0.000000] No NUMA configuration found
[    0.000000] Faking a node at [mem 0x0000000000000000-0x000000001ffeffff]
[    0.000000] NODE_DATA(0) allocated [mem 0x1ffc5000-0x1ffeffff]
[    0.000000] kvm-clock: cpu 0, msr 0:1ff44001, primary cpu clock
[    0.000000] kvm-clock: Using msrs 4b564d01 and 4b564d00
[    0.000000] kvm-clock: using sched offset of 5067881398 cycles
[    0.000000] clocksource: kvm-clock: mask: 0xffffffffffffffff max_cycles: 0x1cd42e4dffb, max_idle_ns: 881590591483 ns
[    0.000000] Zone ranges:
[    0.000000]   DMA      [mem 0x0000000000001000-0x0000000000ffffff]
[    0.000000]   DMA32    [mem 0x0000000001000000-0x000000001ffeffff]
[    0.000000]   Normal   empty
[    0.000000]   Device   empty
[    0.000000] Movable zone start for each node
[    0.000000] Early memory node ranges
[    0.000000]   node   0: [mem 0x0000000000001000-0x000000000009efff]
[    0.000000]   node   0: [mem 0x0000000000100000-0x000000001ffeffff]
[    0.000000] Reserved but unavailable: 104 pages
[    0.000000] Initmem setup node 0 [mem 0x0000000000001000-0x000000001ffeffff]
[    0.000000] ACPI: PM-Timer IO Port: 0x4008
[    0.000000] IOAPIC[0]: apic_id 1, version 32, address 0xfec00000, GSI 0-23
[    0.000000] ACPI: INT_SRC_OVR (bus 0 bus_irq 0 global_irq 2 dfl dfl)
[    0.000000] ACPI: INT_SRC_OVR (bus 0 bus_irq 9 global_irq 9 low level)
[    0.000000] Using ACPI (MADT) for SMP configuration information
[    0.000000] smpboot: Allowing 1 CPUs, 0 hotplug CPUs
[    0.000000] PM: Registered nosave memory: [mem 0x00000000-0x00000fff]
[    0.000000] PM: Registered nosave memory: [mem 0x0009f000-0x0009ffff]
[    0.000000] PM: Registered nosave memory: [mem 0x000a0000-0x000effff]
[    0.000000] PM: Registered nosave memory: [mem 0x000f0000-0x000fffff]
[    0.000000] e820: [mem 0x20000000-0xfebfffff] available for PCI devices
[    0.000000] Booting paravirtualized kernel on KVM
[    0.000000] clocksource: refined-jiffies: mask: 0xffffffff max_cycles: 0xffffffff, max_idle_ns: 7645519600211568 ns
[    0.000000] setup_percpu: NR_CPUS:8192 nr_cpumask_bits:1 nr_cpu_ids:1 nr_node_ids:1
[    0.000000] percpu: Embedded 50 pages/cpu s167936 r8192 d28672 u2097152
[    0.000000] PV qspinlock hash table entries: 256 (order: 0, 4096 bytes)
[    0.000000] Built 1 zonelists, mobility grouping on.  Total pages: 128889
[    0.000000] Policy zone: DMA32
[    0.000000] Kernel command line: BOOT_IMAGE=/boot/vmlinuz-4.15.0-212-generic root=LABEL=cloudimg-rootfs ro console=tty1 console=ttyS0
[    0.000000] Memory: 466748K/523832K available (12300K kernel code, 2477K rwdata, 4324K rodata, 2480K init, 2720K bss, 57084K reserved, 0K cma-reserved)
[    0.000000] SLUB: HWalign=64, Order=0-3, MinObjects=0, CPUs=1, Nodes=1
[    0.000000] ftrace: allocating 39508 entries in 155 pages
[    0.004000] Hierarchical RCU implementation.
[    0.004000] 	RCU restricting CPUs from NR_CPUS=8192 to nr_cpu_ids=1.
[    0.004000] 	Tasks RCU enabled.
[    0.004000] RCU: Adjusting geometry for rcu_fanout_leaf=16, nr_cpu_ids=1
[    0.004000] NR_IRQS: 524544, nr_irqs: 256, preallocated irqs: 16
[    0.004000] random: crng init done
[    0.004000] Console: colour VGA+ 80x25
[    0.004000] console [tty1] enabled
[    0.004000] console [ttyS0] enabled
[    0.004000] ACPI: Core revision 20170831
[    0.004000] ACPI: 2 ACPI AML tables successfully acquired and loaded
[    0.004000] APIC: Switch to symmetric I/O mode setup
[    0.008000] ..TIMER: vector=0x30 apic1=0 pin1=2 apic2=-1 pin2=-1
[    0.008011] tsc: Detected 2299.918 MHz processor
[    0.012014] Calibrating delay loop (skipped) preset value.. 4599.83 BogoMIPS (lpj=9199672)
[    0.016009] pid_max: default: 32768 minimum: 301
[    0.020045] Security Framework initialized
[    0.024006] Yama: becoming mindful.
[    0.028040] AppArmor: AppArmor initialized
[    0.032119] Dentry cache hash table entries: 65536 (order: 7, 524288 bytes)
[    0.036051] Inode-cache hash table entries: 32768 (order: 6, 262144 bytes)
[    0.040038] Mount-cache hash table entries: 1024 (order: 1, 8192 bytes)
[    0.044020] Mountpoint-cache hash table entries: 1024 (order: 1, 8192 bytes)
[    0.052458] CPU0: Hyper-Threading is disabled
[    0.056107] Last level iTLB entries: 4KB 1024, 2MB 1024, 4MB 512
[    0.060010] Last level dTLB entries: 4KB 1536, 2MB 1536, 4MB 768, 1GB 0
[    0.064009] Spectre V1 : Mitigation: usercopy/swapgs barriers and __user pointer sanitization
[    0.068008] Spectre V2 : Mitigation: Retpolines
[    0.072004] Spectre V2 : Spectre v2 / SpectreRSB mitigation: Filling RSB on context switch
[    0.076007] Spectre V2 : Spectre v2 / SpectreRSB : Filling RSB on VMEXIT
[    0.080006] RETBleed: Vulnerable
[    0.088000] Freeing SMP alternatives memory: 36K
[    0.200550] smpboot: CPU0: AMD Athlon Silver 3050U with Radeon Graphics (family: 0x17, model: 0x18, stepping: 0x1)
[    0.204272] Performance Events: PMU not available due to virtualization, using software events only.
[    0.212089] Hierarchical SRCU implementation.
[    0.216636] NMI watchdog: Perf event create on CPU 0 failed with -2
[    0.224009] NMI watchdog: Perf NMI watchdog permanently disabled
[    0.228086] smp: Bringing up secondary CPUs ...
[    0.232142] smp: Brought up 1 node, 1 CPU
[    0.236007] smpboot: Max logical packages: 1
[    0.240007] smpboot: Total of 1 processors activated (4599.83 BogoMIPS)
[    0.244178] devtmpfs: initialized
[    0.248064] x86/mm: Memory block size: 128MB
[    0.252123] evm: security.selinux
[    0.256006] evm: security.SMACK64
[    0.260003] evm: security.SMACK64EXEC
[    0.264005] evm: security.SMACK64TRANSMUTE
[    0.268006] evm: security.SMACK64MMAP
[    0.272004] evm: security.apparmor
[    0.276003] evm: security.ima
[    0.280004] evm: security.capability
[    0.284161] clocksource: jiffies: mask: 0xffffffff max_cycles: 0xffffffff, max_idle_ns: 7645041785100000 ns
[    0.288031] futex hash table entries: 256 (order: 2, 16384 bytes)
[    0.292070] pinctrl core: initialized pinctrl subsystem
[    0.296559] RTC time:  2:30:23, date: 10/27/24
[    0.300185] NET: Registered protocol family 16
[    0.304092] audit: initializing netlink subsys (disabled)
[    0.308216] cpuidle: using governor ladder
[    0.312008] audit: type=2000 audit(1729996228.867:1): state=initialized audit_enabled=0 res=1
[    0.316018] cpuidle: using governor menu
[    0.325211] ACPI: bus type PCI registered
[    0.328006] acpiphp: ACPI Hot Plug PCI Controller Driver version: 0.5
[    0.332488] PCI: Using configuration type 1 for base access
[    0.336007] PCI: Using configuration type 1 for extended access
[    0.341305] HugeTLB registered 2.00 MiB page size, pre-allocated 0 pages
[    0.344194] ACPI: Added _OSI(Module Device)
[    0.348011] ACPI: Added _OSI(Processor Device)
[    0.356008] ACPI: Added _OSI(3.0 _SCP Extensions)
[    0.360009] ACPI: Added _OSI(Processor Aggregator Device)
[    0.364024] ACPI: Added _OSI(Linux-Dell-Video)
[    0.368043] ACPI: Added _OSI(Linux-Lenovo-NV-HDMI-Audio)
[    0.372010] ACPI: Added _OSI(Linux-HPI-Hybrid-Graphics)
[    0.377133] ACPI: Executed 1 blocks of module-level executable AML code
[    0.388866] ACPI: Interpreter enabled
[    0.392026] ACPI: (supports S0 S5)
[    0.396006] ACPI: Using IOAPIC for interrupt routing
[    0.400588] PCI: Using host bridge windows from ACPI; if necessary, use "pci=nocrs" and report a bug
[    0.404372] ACPI: Enabled 2 GPEs in block 00 to 07
[    0.425164] ACPI: PCI Root Bridge [PCI0] (domain 0000 [bus 00-ff])
[    0.428024] acpi PNP0A03:00: _OSC: OS supports [ExtendedConfig ASPM ClockPM Segments MSI]
[    0.436314] acpi PNP0A03:00: _OSC: platform does not support [PCIeCapability]
[    0.441119] acpi PNP0A03:00: _OSC: not requesting control; platform does not support [PCIeCapability]
[    0.444013] acpi PNP0A03:00: _OSC: OS requested [PCIeHotplug PME AER PCIeCapability]
[    0.448013] acpi PNP0A03:00: _OSC: platform willing to grant [PCIeHotplug PME AER]
[    0.452012] acpi PNP0A03:00: _OSC failed (AE_SUPPORT); disabling ASPM
[    0.457073] PCI host bridge to bus 0000:00
[    0.460014] pci_bus 0000:00: root bus resource [io  0x0000-0x0cf7 window]
[    0.464013] pci_bus 0000:00: root bus resource [io  0x0d00-0xffff window]
[    0.468013] pci_bus 0000:00: root bus resource [mem 0x000a0000-0x000bffff window]
[    0.472014] pci_bus 0000:00: root bus resource [mem 0x20000000-0xfdffffff window]
[    0.476014] pci_bus 0000:00: root bus resource [bus 00-ff]
[    0.492927] pci 0000:00:01.1: legacy IDE quirk: reg 0x10: [io  0x01f0-0x01f7]
[    0.496012] pci 0000:00:01.1: legacy IDE quirk: reg 0x14: [io  0x03f6]
[    0.500013] pci 0000:00:01.1: legacy IDE quirk: reg 0x18: [io  0x0170-0x0177]
[    0.504013] pci 0000:00:01.1: legacy IDE quirk: reg 0x1c: [io  0x0376]
[    0.535836] pci 0000:00:07.0: quirk: [io  0x4000-0x403f] claimed by PIIX4 ACPI
[    0.536065] pci 0000:00:07.0: quirk: [io  0x4100-0x410f] claimed by PIIX4 SMB
[    0.552141] ACPI: PCI Interrupt Link [LNKA] (IRQs 5 9 10 *11)
[    0.556846] ACPI: PCI Interrupt Link [LNKB] (IRQs 5 9 *10 11)
[    0.560312] ACPI: PCI Interrupt Link [LNKC] (IRQs 5 *9 10 11)
[    0.564349] ACPI: PCI Interrupt Link [LNKD] (IRQs 5 9 10 *11)
[    0.568576] SCSI subsystem initialized
[    0.572196] pci 0000:00:02.0: vgaarb: setting as boot VGA device
[    0.576000] pci 0000:00:02.0: vgaarb: VGA device added: decodes=io+mem,owns=io+mem,locks=none
[    0.576014] pci 0000:00:02.0: vgaarb: bridge control possible
[    0.580009] vgaarb: loaded
[    0.584068] ACPI: bus type USB registered
[    0.592053] usbcore: registered new interface driver usbfs
[    0.596057] usbcore: registered new interface driver hub
[    0.600035] usbcore: registered new device driver usb
[    0.604121] EDAC MC: Ver: 3.0.0
[    0.608995] PCI: Using ACPI for IRQ routing
[    0.613030] NetLabel: Initializing
[    0.616006] NetLabel:  domain hash size = 128
[    0.620008] NetLabel:  protocols = UNLABELED CIPSOv4 CALIPSO
[    0.624039] NetLabel:  unlabeled traffic allowed by default
[    0.628214] clocksource: Switched to clocksource kvm-clock
[    0.696013] VFS: Disk quotas dquot_6.6.0
[    0.702779] VFS: Dquot-cache hash table entries: 512 (order 0, 4096 bytes)
[    0.711282] AppArmor: AppArmor Filesystem Enabled
[    0.717217] pnp: PnP ACPI init
[    0.723649] pnp: PnP ACPI: found 3 devices
[    0.738069] clocksource: acpi_pm: mask: 0xffffff max_cycles: 0xffffff, max_idle_ns: 2085701024 ns
[    0.748225] NET: Registered protocol family 2
[    0.754526] IP idents hash table entries: 8192 (order: 4, 65536 bytes)
[    0.762666] TCP established hash table entries: 4096 (order: 3, 32768 bytes)
[    0.771791] TCP bind hash table entries: 4096 (order: 4, 65536 bytes)
[    0.779982] TCP: Hash tables configured (established 4096 bind 4096)
[    0.791268] UDP hash table entries: 256 (order: 1, 8192 bytes)
[    0.799161] UDP-Lite hash table entries: 256 (order: 1, 8192 bytes)
[    0.809792] NET: Registered protocol family 1
[    0.816140] pci 0000:00:00.0: Limiting direct PCI/PCI transfers
[    0.827024] pci 0000:00:01.0: Activating ISA DMA hang workarounds
[    0.835745] pci 0000:00:02.0: Video device with shadowed ROM at [mem 0x000c0000-0x000dffff]
[    0.849448] Unpacking initramfs...
[    1.658445] Freeing initrd memory: 19528K
[    1.664882] clocksource: tsc: mask: 0xffffffffffffffff max_cycles: 0x2126e795dfc, max_idle_ns: 440795229039 ns
[    1.678676] platform rtc_cmos: registered platform RTC device (no PNP device found)
[    1.689635] Scanning for low memory corruption every 60 seconds
[    1.697631] Initialise system trusted keyrings
[    1.704410] Key type blacklist registered
[    1.709402] workingset: timestamp_bits=36 max_order=17 bucket_order=0
[    1.720539] zbud: loaded
[    1.724410] squashfs: version 4.0 (2009/01/31) Phillip Lougher
[    1.732582] fuse init (API version 7.26)
[    1.743653] Key type asymmetric registered
[    1.749708] Asymmetric key parser 'x509' registered
[    1.755594] Block layer SCSI generic (bsg) driver version 0.4 loaded (major 246)
[    1.764237] io scheduler noop registered
[    1.768837] io scheduler deadline registered
[    1.773982] io scheduler cfq registered (default)
[    1.780337] ACPI: AC Adapter [AC] (on-line)
[    1.785638] input: Power Button as /devices/LNXSYSTM:00/LNXPWRBN:00/input/input0
[    1.794231] ACPI: Power Button [PWRF]
[    1.799982] input: Sleep Button as /devices/LNXSYSTM:00/LNXSLPBN:00/input/input1
[    1.811626] ACPI: Sleep Button [SLPF]
[    1.818325] ACPI: Battery Slot [BAT0] (battery present)
[    1.824708] Serial: 8250/16550 driver, 32 ports, IRQ sharing enabled
[    1.870120] 00:02: ttyS0 at I/O 0x3f8 (irq = 4, base_baud = 115200) is a 16550A
[    1.884404] Linux agpgart interface v0.103
[    1.896472] loop: module loaded
[    1.902899] scsi host0: ata_piix
[    1.908293] scsi host1: ata_piix
[    1.914775] ata1: PATA max UDMA/33 cmd 0x1f0 ctl 0x3f6 bmdma 0xd000 irq 14
[    1.924222] ata2: PATA max UDMA/33 cmd 0x170 ctl 0x376 bmdma 0xd008 irq 15
[    1.934759] tun: Universal TUN/TAP device driver, 1.6
[    1.941498] PPP generic driver version 2.4.2
[    1.946554] ehci_hcd: USB 2.0 'Enhanced' Host Controller (EHCI) Driver
[    1.953955] ehci-pci: EHCI PCI platform driver
[    1.959590] ehci-platform: EHCI generic platform driver
[    1.965670] ohci_hcd: USB 1.1 'Open' Host Controller (OHCI) Driver
[    1.974320] ohci-pci: OHCI PCI platform driver
[    1.980779] ohci-platform: OHCI generic platform driver
[    1.988263] uhci_hcd: USB Universal Host Controller Interface driver
[    1.995581] i8042: PNP: PS/2 Controller [PNP0303:PS2K,PNP0f03:PS2M] at 0x60,0x64 irq 1,12
[    2.011371] serio: i8042 KBD port at 0x60,0x64 irq 1
[    2.017429] serio: i8042 AUX port at 0x60,0x64 irq 12
[    2.023506] mousedev: PS/2 mouse device common for all mice
[    2.031941] input: AT Translated Set 2 keyboard as /devices/platform/i8042/serio0/input/input2
[    2.044056] rtc_cmos rtc_cmos: rtc core: registered rtc_cmos as rtc0
[    2.054798] rtc_cmos rtc_cmos: alarms up to one day, 114 bytes nvram
[    2.062997] i2c /dev entries driver
[    2.072925] device-mapper: uevent: version 1.0.3
[    2.079450] device-mapper: ioctl: 4.37.0-ioctl (2017-09-20) initialised: dm-devel@redhat.com
[    2.090391] ledtrig-cpu: registered to indicate activity on CPUs
[    2.169963] NET: Registered protocol family 10
[    2.179717] Segment Routing with IPv6
[    2.184174] NET: Registered protocol family 17
[    2.189346] Key type dns_resolver registered
[    2.194722] mce: Using 0 MCE banks
[    2.199758] RAS: Correctable Errors collector initialized.
[    2.207430] sched_clock: Marking stable (2207345914, 0)->(3561046598, -1353700684)
[    2.217022] registered taskstats version 1
[    2.223051] Loading compiled-in X.509 certificates
[    2.232521] Loaded X.509 cert 'Build time autogenerated kernel key: b5b26778eaa3ab3a4a6cee031137706e947d12ad'
[    2.246270] Loaded X.509 cert 'Canonical Ltd. Live Patch Signing: 14df34d1a87cf37625abec039ef2bf521249b969'
[    2.259180] Loaded X.509 cert 'Canonical Ltd. Kernel Module Signing: 88f752e560a1e0737e31163a466ad7b70a850c19'
[    2.271816] blacklist: Loading compiled-in revocation X.509 certificates
[    2.279655] Loaded X.509 cert 'Canonical Ltd. Secure Boot Signing: 61482aa2830d0ab2ad5af10b7250da9033ddcef0'
[    2.290932] Loaded X.509 cert 'Canonical Ltd. Secure Boot Signing (2017): 242ade75ac4a15e50d50c84b0d45ff3eae707a03'
[    2.305391] Loaded X.509 cert 'Canonical Ltd. Secure Boot Signing (ESM 2018): 365188c1d374d6b07c3c8f240f8ef722433d6a8b'
[    2.317395] Loaded X.509 cert 'Canonical Ltd. Secure Boot Signing (2019): c0746fd6c5da3ae827864651ad66ae47fe24b3e8'
[    2.329445] Loaded X.509 cert 'Canonical Ltd. Secure Boot Signing (2021 v1): a8d54bbb3825cfb94fa13c9f8a594a195c107b8d'
[    2.343959] Loaded X.509 cert 'Canonical Ltd. Secure Boot Signing (2021 v2): 4cf046892d6fd3c9a5b03f98d845f90851dc6a8c'
[    2.358280] Loaded X.509 cert 'Canonical Ltd. Secure Boot Signing (2021 v3): 100437bb6de6e469b581e61cd66bce3ef4ed53af'
[    2.372576] Loaded X.509 cert 'Canonical Ltd. Secure Boot Signing (Ubuntu Core 2019): c1d57b8f6b743f23ee41f4f7ee292f06eecadfb9'
[    2.385314] zswap: loaded using pool lzo/zbud
[    2.397608] Key type big_key registered
[    2.402954] Key type trusted registered
[    2.411285] Key type encrypted registered
[    2.416149] AppArmor: AppArmor sha1 policy hashing enabled
[    2.422441] ima: No TPM chip found, activating TPM-bypass! (rc=-19)
[    2.430258] ima: Allocated hash algorithm: sha1
[    2.437056] evm: HMAC attrs: 0x1
[    2.443080]   Magic number: 12:740:511
[    2.448587] rtc_cmos rtc_cmos: setting system clock to 2024-10-27 02:30:25 UTC (1729996225)
[    2.458523] BIOS EDD facility v0.16 2004-Jun-25, 0 devices found
[    2.465357] EDD information not available.
[    2.476364] Freeing unused kernel image memory: 2480K
[    2.488753] Write protecting the kernel read-only data: 20480k
[    2.496634] Freeing unused kernel image memory: 2008K
[    2.502765] Freeing unused kernel image memory: 1820K
[    2.521295] x86/mm: Checked W+X mappings: passed, no W+X pages found.
Loading, please wait...
starting version 237
[    2.669821] e1000: Intel(R) PRO/1000 Network Driver - version 7.3.21-k8-NAPI
[    2.680213] e1000: Copyright (c) 1999-2006 Intel Corporation.
[    2.691386] Fusion MPT base driver 3.04.20
[    2.697940] Copyright (c) 1999-2008 LSI Corporation
[    2.771436] SSE version of gcm_enc/dec engaged.
[    2.801690] Fusion MPT SPI Host driver 3.04.20
[    3.014408] input: ImExPS/2 Generic Explorer Mouse as /devices/platform/i8042/serio1/input/input4
[    3.656320] e1000 0000:00:03.0 eth0: (PCI:33MHz:32-bit) 02:3b:7b:b7:3b:2d
[    3.664008] e1000 0000:00:03.0 eth0: Intel(R) PRO/1000 Network Connection
[    3.675435] e1000 0000:00:03.0 enp0s3: renamed from eth0
[    3.684052] mptbase: ioc0: Initiating bringup
[    3.803691] ioc0: LSI53C1030 A0: Capabilities={Initiator}
[    4.067646] scsi host2: ioc0: LSI53C1030 A0, FwRev=00000000h, Ports=1, MaxQ=256, IRQ=20
[    4.249571] scsi 2:0:0:0: Direct-Access     VBOX     HARDDISK         1.0  PQ: 0 ANSI: 5
[    4.259659] scsi target2:0:0: Beginning Domain Validation
[    4.274149] scsi target2:0:0: Domain Validation skipping write tests
[    4.281686] scsi target2:0:0: Ending Domain Validation
[    4.288527] scsi target2:0:0: asynchronous
[    4.297044] scsi 2:0:1:0: Direct-Access     VBOX     HARDDISK         1.0  PQ: 0 ANSI: 5
[    4.307087] scsi target2:0:1: Beginning Domain Validation
[    4.319928] scsi target2:0:1: Domain Validation skipping write tests
[    4.328619] scsi target2:0:1: Ending Domain Validation
[    4.336441] scsi target2:0:1: asynchronous
[    4.357320] sd 2:0:0:0: [sda] 83886080 512-byte logical blocks: (42.9 GB/40.0 GiB)
[    4.366075] sd 2:0:0:0: Attached scsi generic sg0 type 0
[    4.373304] sd 2:0:0:0: [sda] Write Protect is off
[    4.380363] sd 2:0:1:0: [sdb] 20480 512-byte logical blocks: (10.5 MB/10.0 MiB)
[    4.389246] sd 2:0:1:0: Attached scsi generic sg1 type 0
[    4.396229] sd 2:0:0:0: [sda] Incomplete mode parameter data
[    4.402649] sd 2:0:0:0: [sda] Assuming drive cache: write through
[    4.410063] sd 2:0:1:0: [sdb] Write Protect is off
[    4.417925] sd 2:0:1:0: [sdb] Incomplete mode parameter data
[    4.426443] sd 2:0:1:0: [sdb] Assuming drive cache: write through
[    4.439469]  sda: sda1
[    4.449725] sd 2:0:0:0: [sda] Attached SCSI disk
[    4.458141] sd 2:0:1:0: [sdb] Attached SCSI disk
Begin: Loading essential drivers ... [    6.668069] raid6: sse2x1   gen()  5912 MB/s
[    6.720780] raid6: sse2x1   xor()  5178 MB/s
[    6.776219] raid6: sse2x2   gen() 11541 MB/s
[    6.828247] raid6: sse2x2   xor()  7774 MB/s
[    6.892335] raid6: sse2x4   gen() 15182 MB/s
[    6.956631] raid6: sse2x4   xor()  8292 MB/s
[    6.961766] raid6: using algorithm sse2x4 gen() 15182 MB/s
[    6.968149] raid6: .... xor() 8292 MB/s, rmw enabled
[    6.973964] raid6: using ssse3x2 recovery algorithm
[    6.981690] xor: measuring software checksum speed
[    7.085483]    prefetch64-sse: 31055.000 MB/sec
[    7.204100]    generic_sse: 28718.000 MB/sec
[    7.209222] xor: using function: prefetch64-sse (31055.000 MB/sec)
[    7.219601] async_tx: api initialized (async)
done.
Begin: Running /scripts/init-premount ... done.
Begin: Mounting root file system ... Begin: Running /scripts/local-top ... done.
Begin: Running /scripts/local-premount ... [    7.312223] Btrfs loaded, crc32c=crc32c-intel
Scanning for Btrfs filesystems
done.
Warning: fsck not present, so skipping root file system
[    7.399193] EXT4-fs (sda1): mounted filesystem with ordered data mode. Opts: (null)
done.
Begin: Running /scripts/local-bottom ... done.
Begin: Running /scripts/init-bottom ... done.
[    7.837475] ip_tables: (C) 2000-2006 Netfilter Core Team
[    7.868293] systemd[1]: systemd 237 running in system mode. (+PAM +AUDIT +SELINUX +IMA +APPARMOR +SMACK +SYSVINIT +UTMP +LIBCRYPTSETUP +GCRYPT +GNUTLS +ACL +XZ +LZ4 +SECCOMP +BLKID +ELFUTILS +KMOD -IDN2 +IDN -PCRE2 default-hierarchy=hybrid)
[    7.891518] systemd[1]: Detected virtualization oracle.
[    7.897716] systemd[1]: Detected architecture x86-64.

Welcome to [1mUbuntu 18.04.6 LTS[0m!

[    7.910960] systemd[1]: Set hostname to <ubuntu>.
[    7.926886] systemd[1]: Initializing machine ID from random generator.
[    7.934326] systemd[1]: Installed transient /etc/machine-id file.
[    8.387793] systemd[1]: Reached target User and Group Name Lookups.
[[0;32m  OK  [0m] Reached target User and Group Name Lookups.
[    8.402296] systemd[1]: Reached target Mounting snaps.
[[0;32m  OK  [0m] Reached target Mounting snaps.
[    8.413625] systemd[1]: Set up automount Arbitrary Executable File Formats File System Automount Point.
[[0;32m  OK  [0m] Set up automount Arbitrary Executabâ€¦rmats File System Automount Point.
[    8.433498] systemd[1]: Reached target Mounted snaps.
[[0;32m  OK  [0m] Reached target Mounted snaps.
[[0;32m  OK  [0m] Created slice System Slice.
[[0;32m  OK  [0m] Listening on udev Kernel Socket.
[[0;32m  OK  [0m] Listening on Journal Audit Socket.
[[0;32m  OK  [0m] Listening on Journal Socket.
[[0;32m  OK  [0m] Listening on fsck to fsckd communication Socket.
         Starting Uncomplicated firewall...
         Starting File System Check on Root Device...
[[0;32m  OK  [0m] Listening on Device-mapper event daemon FIFOs.
         Starting Load Kernel Modules...
         Starting Set the console keyboard layout...
         Starting Create list of required stâ€¦ce nodes for the current kernel...
[[0;32m  OK  [0m] Listening on /dev/initctl Compatibility Named Pipe.
         Mounting Huge Pages File System...
[[    8.573336] Loading iSCSI transport class v2.0-870.
[0;32m  OK  [0m] Listening on LVM2 metadata daemon socket.
         Starting Monitoring of LVM2 mirrorsâ€¦ng dmeventd or progress polling...
         Mounting Kernel Debug File System...
[[0;32m  OK  [0m] Reached target System Time Synchronized.
[    8.635636] iscsi: registered transport (tcp)
[[0;32m  OK  [0m] Listening on LVM2 poll daemon socket.
[[0;32m  OK  [0m] Started Forward Password Requests to Wall Directory Watch.
[    8.706592] iscsi: registered transport (iser)
[[0;32m  OK  [0m] Reached target Swap.
[[0;32m  OK  [0m] Listening on Network Service Netlink Socket.
[[0;32m  OK  [0m] Listening on Syslog Socket.
[[0;32m  OK  [0m] Created slice User and Session Slice.
[[0;32m  OK  [0m] Reached target Slices.
         Mounting POSIX Message Queue File System...
[[0;32m  OK  [0m] Listening on Journal Socket (/dev/log).
         Starting Journal Service...
[[0;32m  OK  [0m] Listening on udev Control Socket.
         Starting udev Coldplug all Devices...
[[0;32m  OK  [0m] Created slice system-serial\x2dgetty.slice.
[[0;32m  OK  [0m] Started Uncomplicated firewall.
[[0;32m  OK  [0m] Started File System Check on Root Device.
[[0;32m  OK  [0m] Started Load Kernel Modules.
[[0;32m  OK  [0m] Started Create list of required staâ€¦vice nodes for the current kernel.
[[0;32m  OK  [0m] Mounted Huge Pages File System.
[[0;32m  OK  [0m] Mounted Kernel Debug File System.
[[0;32m  OK  [0m] Mounted POSIX Message Queue File System.
[[0;32m  OK  [0m] Started LVM2 metadata daemon.
[[0;32m  OK  [0m] Started File System Check Daemon to report status.
         Starting Create Static Device Nodes in /dev...
         Mounting Kernel Configuration File System...
         Starting Apply Kernel Variables...
         Mounting FUSE Control File System...
         Starting Remount Root and Kernel File Systems...
[[0;32m  OK  [0m] Started Journal Service.
[[0;32m  OK  [0m] Mounted Kernel Configuration File System.
[[0;32m  OK  [0m] Started Monitoring of LVM2 mirrors,â€¦sing dmeventd or progress polling.
[[0;32m  OK  [0m] Mounted FUSE Control File System.
[[0;32m  OK  [0m] Started Apply Kernel Variables.
[[0;32m  OK  [0m] Started Create Static Device Nodes in /dev.
[[0;32m  OK  [0m] Started Remount Root and Kernel File Systems.
         Starting Load/Save Random Seed...
         Starting Flush Journal to Persistent Storage...
         Starting udev Kernel Device Manager...
[[0;32m  OK  [0m] Started udev Coldplug all Devices.
[[0;32m  OK  [0m] Started Load/Save Random Seed.
[[0;32m  OK  [0m] Started udev Kernel Device Manager.
[[0;32m  OK  [0m] Started Flush Journal to Persistent Storage.
[[0;32m  OK  [0m] Found device /dev/ttyS0.
[[0;32m  OK  [0m] Listening on Load/Save RF Kill Switch Status /dev/rfkill Watch.
[[0;32m  OK  [0m] Started Set the console keyboard layout.
[[0;32m  OK  [0m] Reached target Local File Systems (Pre).
[[0;32m  OK  [0m] Reached target Local File Systems.
         Starting Set console font and keymap...
         Starting Create Volatile Files and Directories...
         Starting AppArmor initialization...
         Starting Commit a transient machine-id on disk...
         Starting Tell Plymouth To Write Out Runtime Data...
         Starting ebtables ruleset management...
[[0;32m  OK  [0m] Started Dispatch Password Requests to Console Directory Watch.
[[0;32m  OK  [0m] Reached target Local Encrypted Volumes.
[[0;32m  OK  [0m] Started Tell Plymouth To Write Out Runtime Data.
[[0;32m  OK  [0m] Started Create Volatile Files and Directories.
         Starting Update UTMP about System Boot/Shutdown...
[[0;32m  OK  [0m] Started Commit a transient machine-id on disk.
[[0;32m  OK  [0m] Started Update UTMP about System Boot/Shutdown.
[[0;32m  OK  [0m] Started ebtables ruleset management.
         Mounting Arbitrary Executable File Formats File System...
[[0;32m  OK  [0m] Mounted Arbitrary Executable File Formats File System.
[[0;32m  OK  [0m] Started AppArmor initialization.
         Starting Initial cloud-init job (pre-networking)...
         Starting Load AppArmor profiles managed internally by snapd...
[[0;32m  OK  [0m] Started Load AppArmor profiles managed internally by snapd.
[[0;32m  OK  [0m] Started Set console font and keymap.
[   16.850956] cloud-init[778]: Cloud-init v. 23.1.2-0ubuntu0~18.04.1 running 'init-local' at Sun, 27 Oct 2024 02:30:39 +0000. Up 16.33 seconds.
[[0;32m  OK  [0m] Started Initial cloud-init job (pre-networking).
[[0;32m  OK  [0m] Reached target Network (Pre).
         Starting Network Service...
[[0;32m  OK  [0m] Started Network Service.
         Starting Network Name Resolution...
         Starting Wait for Network to be Configured...
[[0;32m  OK  [0m] Started Network Name Resolution.
[[0;32m  OK  [0m] Reached target Network.
[[0;32m  OK  [0m] Reached target Host and Network Name Lookups.
[[0;32m  OK  [0m] Started Wait for Network to be Configured.
         Starting Initial cloud-init job (metadata service crawler)...
[   19.517988] cloud-init[932]: Cloud-init v. 23.1.2-0ubuntu0~18.04.1 running 'init' at Sun, 27 Oct 2024 02:30:42 +0000. Up 19.34 seconds.
[   19.546893] cloud-init[932]: ci-info: ++++++++++++++++++++++++++++++++++++++Net device info++++++++++++++++++++++++++++++++++++++
[   19.563149] cloud-init[932]: ci-info: +--------+------+----------------------------+---------------+--------+-------------------+
[   19.581548] cloud-init[932]: ci-info: | Device |  Up  |          Address           |      Mask     | Scope  |     Hw-Address    |
[   19.600801] cloud-init[932]: ci-info: +--------+------+----------------------------+---------------+--------+-------------------+
[   19.610237] cloud-init[932]: ci-info: | enp0s3 | True |         10.0.2.15          | 255.255.255.0 | global | 02:3b:7b:b7:3b:2d |
[   19.625602] cloud-init[932]: ci-info: | enp0s3 | True | fe80::3b:7bff:feb7:3b2d/64 |       .       |  link  | 02:3b:7b:b7:3b:2d |
[   19.649375] cloud-init[932]: ci-info: |   lo   | True |         127.0.0.1          |   255.0.0.0   |  host  |         .         |
[   19.666443] cloud-init[932]: ci-info: |   lo   | True |          ::1/128           |       .       |  host  |         .         |
[   19.687813] cloud-init[932]: ci-info: +--------+------+----------------------------+---------------+--------+-------------------+
[   19.701496] cloud-init[932]: ci-info: ++++++++++++++++++++++++++++Route IPv4 info+++++++++++++++++++++++++++++
[   19.713127] cloud-init[932]: ci-info: +-------+-------------+----------+-----------------+-----------+-------+
[   19.732734] cloud-init[932]: ci-info: | Route | Destination | Gateway  |     Genmask     | Interface | Flags |
[   19.749046] cloud-init[932]: ci-info: +-------+-------------+----------+-----------------+-----------+-------+
[   19.762314] cloud-init[932]: ci-info: |   0   |   0.0.0.0   | 10.0.2.2 |     0.0.0.0     |   enp0s3  |   UG  |
[   19.772790] cloud-init[932]: ci-info: |   1   |   10.0.2.0  | 0.0.0.0  |  255.255.255.0  |   enp0s3  |   U   |
[   19.786077] cloud-init[932]: ci-info: |   2   |   10.0.2.2  | 0.0.0.0  | 255.255.255.255 |   enp0s3  |   UH  |
[   19.806317] cloud-init[932]: ci-info: +-------+-------------+----------+-----------------+-----------+-------+
[   19.823434] cloud-init[932]: ci-info: +++++++++++++++++++Route IPv6 info+++++++++++++++++++
[   19.838974] cloud-init[932]: ci-info: +-------+-------------+---------+-----------+-------+
[   19.852448] cloud-init[932]: ci-info: | Route | Destination | Gateway | Interface | Flags |
[   19.866243] cloud-init[932]: ci-info: +-------+-------------+---------+-----------+-------+
[   19.897519] cloud-init[932]: ci-info: |   1   |  fe80::/64  |    ::   |   enp0s3  |   U   |
[   19.908083] cloud-init[932]: ci-info: |   3   |    local    |    ::   |   enp0s3  |   U   |
[   19.925632] cloud-init[932]: ci-info: |   4   |   ff00::/8  |    ::   |   enp0s3  |   U   |
[   19.938438] cloud-init[932]: ci-info: +-------+-------------+---------+-----------+-------+
[   21.055921] cloud-init[932]: Generating public/private rsa key pair.
[   21.078473] cloud-init[932]: Your identification has been saved in /etc/ssh/ssh_host_rsa_key.
[   21.096459] cloud-init[932]: Your public key has been saved in /etc/ssh/ssh_host_rsa_key.pub.
[   21.117370] cloud-init[932]: The key fingerprint is:
[   21.126974] cloud-init[932]: SHA256:F/jJqvQNQI1Yfod97+jr3Q4FSw0KwgkW01N1HwoeKtA root@ubuntu-bionic
[   21.138508] cloud-init[932]: The key's randomart image is:
[   21.151860] cloud-init[932]: +---[RSA 2048]----+
[   21.171007] cloud-init[932]: |     .B=.oo+. o. |
[   21.177397] cloud-init[932]: |     =.E==o.oo.+.|
[   21.191012] cloud-init[932]: |    . +.=o+.o.o o|
[   21.196916] cloud-init[932]: |     . ..+ + o o |
[[0;32m  OK  [0m] Started Initial cloud-init job (metadata service crawler).
[   21.212444] cloud-init[932]: |      . S =   o .|[[0;32m  OK  [0m] Reached target Cloud-config availability.
[   21.223874] 
cloud-init[[0;32m  OK  [0m] Reached target Network is Online.[932]: |       . o   o . |
         Starting Availability of block devices...
[   21.251023] 
[[0;32m  OK  [0m] Reached target Remote File Systems (Pre).cloud-init
[932]: |      . o   . o  |
[[0;32m  OK  [0m] Reached target Remote File Systems.
[[0;32m  OK  [0m[   21.284869] cloud-init[932]: |     . o o . . o |] Reached target System Initialization.
[[0;32m  OK  [0m
[   21.299829] ] Started Ubuntu Advantage Timer for running repeated jobs.cloud-init[932]: |      . . ..+...o|

[[0;32m  OK  [0m] [   21.313267] cloud-init[932]: Listening on UUID daemon activation socket.
+----[SHA256]-----+
[   21.323541] [[0;32m  OK  [0m] Started Daily Cleanup of Temporary Directories.cloud-init[932]: Generating public/private dsa key pair.
[
[   21.338558] cloud-init[0;32m  OK  [0m] Started Message of the Day.
[932]: Your identification has been saved in /etc/ssh/ssh_host_dsa_key.[[0;32m  OK  [0m] Listening on Open-iSCSI iscsid Socket.
[   21.355058] cloud-init[932]: Your public key has been saved in /etc/ssh/ssh_host_dsa_key.pub.

[[0;32m  OK  [0m] Started ACPI Events Check.
[[   21.372574] cloud-init[932]: The key fingerprint is:[0;32m  OK  [0m] Reached target Paths.

[   21.382094] cloud-init[[0;32m  OK  [0m] Listening on cloud-init hotplug hook socket.[932]: SHA256:F0E/bdjzQf8j4EwPG9JIGRn6tOZExnrRrRpuT77U0Mg root@ubuntu-bionic
[   21.393826] cloud-init[932]: 
[[0;32m  OK  [0m] The key's randomart image is:
[   21.403209] Listening on D-Bus System Message Bus Socket.
[cloud-init[932]: +---[DSA 1024]----+[0;32m  OK  [0m] Started Daily apt download activities.
[   21.419205] 
         Starting Socket activation for snappy daemon.cloud-init[932]: |         =B    . |
[   21.431425] 
         Starting LXD - unix socket.cloud-init[932]: |        +o+o.+. .|
[[0;32m  OK  [0m] Listening on ACPID Listen Socket.

[   21.460021] [[0;32m  OK  [0m] Started Daily apt upgrade and clean activities.cloud-init
[[0;32m  OK  [0m[932]: |       . O.B+.=..|
] Started Discard unused blocks once a week.
[   21.482265] cloud-init[[0;32m  OK  [0m] Reached target Timers.[932]: |        * O.Xo oo|

[   21.494223] cloud-init[[0;32m  OK  [0m] Started Availability of block devices.[932]: |       .SB.E + .o|
[   21.504029] 
[[0;32m  OK  [0mcloud-init[932]: |        *.o o . .|
] Listening on Socket activation for snappy daemon.
[[0;32m  OK  [0m] Listening on LXD - unix socket.[   21.526664] cloud-init
[[0;32m  OK  [0m] [932]: |         = o .   |Reached target Sockets.
[
[   21.542831] cloud-init[0;32m  OK  [0m] Reached target Basic System.[932]: |        . =      |

[[   21.556374] cloud-init[932]: |           +.    |[0;32m  OK  [0m] Started irqbalance daemon.
[   21.566324] cloud-init
         Starting System Logging Service...
[932]:          Starting Dispatcher daemon for systemd-networkd...+----[SHA256]-----+
[[0;32m  OK  [0m] Started D-Bus System Message Bus.

[   21.616079] cloud-init[932]: Generating public/private ecdsa key pair.
[   21.639065] cloud-init[932]: Your identification has been saved in /etc/ssh/ssh_host_ecdsa_key.
[   21.686787] cloud-init[932]: Your public key has been saved in /etc/ssh/ssh_host_ecdsa_key.pub.         Starting LSB: Record successful boot for GRUB...
[[0;32m  OK  [0m] Started Deferred execution scheduler.
[[0;32m  OK  [0m] Reached target Login Prompts (Pre).

         Starting Virtualbox guest utils...
[[0;32m  OK  [0m] Started Regular background program processing daemon.
         Starting Permit User Sessions...[   21.793075] cloud-init[932]: 
[[0;32m  OK  [0m] Started FUSE filesystem for LXC.
         Starting Pollinate to seed the pseudo random number generator...
         Starting Snap Daemon...The key fingerprint is:
         Starting LSB: automatic crash report generation...

         Starting Accounts Service...
         Starting LXD - container startup/shutdown...
[   21.922364]          cloud-initStarting Login Service...[932]: 
[[0;32m  OK  [0m] Started System Logging Service.SHA256:s15AjFTeFxdq4E8CGR6LWiNp48WJRCXtwdWD0dY3uGY root@ubuntu-bionic
[[0;32m  OK  [0m
] Started Permit User Sessions.
[   21.983925]          Starting Terminate Plymouth Boot Screen...
cloud-init         Starting Hold until boot process finishes up...
[[0;32m  OK  [0m] Started Hold until boot process finishes up.
[[0;32m  OK  [0m] Started Serial Getty on ttyS0.
[932]: The key's randomart image is:
         Starting Set console scheme...
[[0;32m  OK  [0m] Started Terminate Plymouth Boot Screen.
[   22.132103] cloud-init[932]: +---[ECDSA 256]---+
[   22.150808] cloud-init[932]: |   .++ooBB....o. |
[   22.159657] cloud-init[932]: |   . *+Bo*=.o+o  |
[   22.172988] cloud-init[932]: |    *.O.*.+.=o . |
[   22.190012] cloud-init[932]: |   o *.o   *E    |
[   22.202748] cloud-init[932]: |    o   S  o.    |
[   22.218327] cloud-init[932]: |         +       |
[   22.232827] cloud-init[932]: |        . .      |
[   22.246672] cloud-init[932]: |       . .       |
[   22.258779] cloud-init[932]: |        .        |
[   22.272700] cloud-init[932]: +----[SHA256]-----+
[   22.289044] cloud-init[932]: Generating public/private ed25519 key pair.
[   22.303097] cloud-init[932]: Your identification has been saved in /etc/ssh/ssh_host_ed25519_key.[[0;32m  OK  [0m] Started Set console scheme.
[
[0;32m  OK  [0m] [   22.346883] Created slice system-getty.slice.
cloud-init[[0;32m  OK  [0m[932]: ] Started Getty on tty1.
[Your public key has been saved in /etc/ssh/ssh_host_ed25519_key.pub.[0;32m  OK  [0m] Reached target Login Prompts.
[[0;32m  OK  [0m] Started Login Service.

[[0;32m  OK  [0m] Started Unattended Upgrades Shutdown.
[[0;32m  OK  [0m] Started LSB: automatic crash report generation.
[   22.525327] cloud-init[932]: The key fingerprint is:
[[0;32m  OK  [0m] [   22.553098] Started LSB: Record successful boot for GRUB.
cloud-init[932]: SHA256:FP0qDRUjOgTPLzqn2hzylJPG5HwWtV6Eqn64NrNaJDI root@ubuntu-bionic
[   22.604906] cloud-init[932]: The key's randomart image is:
[   22.646244] cloud-init[932]: +--[ED25519 256]--+
[   22.703212] cloud-init[932]: |    ... o.o.     |
[   22.723272]          Starting Authorization Manager...
cloud-init[932]: |     + . +o.     |
[   22.783717] cloud-init[932]: |      = +...     |
[   22.808463] cloud-init[932]: |       *.o  .    |
[   22.833317] cloud-init[932]: |E . o + So..     |
[   22.889138] cloud-init[932]: | o B = +..o      |
[   22.921690] cloud-init[932]: |  . /.+ ..       |
[   22.965250] cloud-init[932]: |   X=O.          |
[   22.985839] cloud-init[932]: |  o+O*           |
[   22.999613] cloud-init[932]: +----[SHA256]-----+
[[0;32m  OK  [0m] Started Authorization Manager.
[[0;32m  OK  [0m] Started Accounts Service.
[[0;32m  OK  [0m] Started Virtualbox guest utils.
[[0;32m  OK  [0m] Started LXD - container startup/shutdown.
[[0;32m  OK  [0m] Started Dispatcher daemon for systemd-networkd.
[[0;32m  OK  [0m] Started Snap Daemon.
         Starting Wait until snapd is fully seeded...
[[0;32m  OK  [0m] Started Pollinate to seed the pseudo random number generator.
         Starting OpenBSD Secure Shell server...
[[0;32m  OK  [0m] Started OpenBSD Secure Shell server.
[[0;32m  OK  [0m] Created slice User Slice of vagrant.
         Starting User Manager for UID 1000...
[[0;32m  OK  [0m] Started Session 1 of user vagrant.
[[0;32m  OK  [0m] Started User Manager for UID 1000.
         Starting Time & Date Service...
[[0;32m  OK  [0m] Started Time & Date Service.

Ubuntu 18.04.6 LTS ubuntu-bionic ttyS0

ubuntu-bionic login: [   34.200985] cloud-init[1481]: Cloud-init v. 23.1.2-0ubuntu0~18.04.1 running 'modules:config' at Sun, 27 Oct 2024 02:30:53 +0000. Up 30.85 seconds.
ci-info: no authorized SSH keys fingerprints found for user ubuntu.
<14>Oct 27 02:30:58 cloud-init: #############################################################
<14>Oct 27 02:30:58 cloud-init: -----BEGIN SSH HOST KEY FINGERPRINTS-----
<14>Oct 27 02:30:58 cloud-init: 1024 SHA256:F0E/bdjzQf8j4EwPG9JIGRn6tOZExnrRrRpuT77U0Mg root@ubuntu-bionic (DSA)
<14>Oct 27 02:30:58 cloud-init: 256 SHA256:s15AjFTeFxdq4E8CGR6LWiNp48WJRCXtwdWD0dY3uGY root@ubuntu-bionic (ECDSA)
<14>Oct 27 02:30:58 cloud-init: 256 SHA256:FP0qDRUjOgTPLzqn2hzylJPG5HwWtV6Eqn64NrNaJDI root@ubuntu-bionic (ED25519)
<14>Oct 27 02:30:58 cloud-init: 2048 SHA256:F/jJqvQNQI1Yfod97+jr3Q4FSw0KwgkW01N1HwoeKtA root@ubuntu-bionic (RSA)
<14>Oct 27 02:30:58 cloud-init: -----END SSH HOST KEY FINGERPRINTS-----
<14>Oct 27 02:30:58 cloud-init: #############################################################
-----BEGIN SSH HOST KEY KEYS-----
ecdsa-sha2-nistp256 AAAAE2VjZHNhLXNoYTItbmlzdHAyNTYAAAAIbmlzdHAyNTYAAABBBGnOyALv3Jbu+WFzrVtljcxEaEQnhxCb8frKUQ6JVi6np0CVliLDDFzdgj8OJ9xDsp1QqwVFb+vXmp0frGGxXG8= root@ubuntu-bionic
ssh-ed25519 AAAAC3NzaC1lZDI1NTE5AAAAINNGJRY+GDWGLcHSMqIToHTJYnO7vpPUGIakJvo2W4ke root@ubuntu-bionic
ssh-rsa AAAAB3NzaC1yc2EAAAADAQABAAABAQDGNn+yyDywaKLgeiJkEzCzom5HjGQO/DS9Yw/T3bL5jzYFIZQFgEBz4dW5SV1ouNkv6J8pq+OAHwnK/8mpdina+pXdEqw4TnhNeWvC1c6acOIw8GiNmveKRacJHXWWVWIruZDK85oM5yjOmBDKIOdznAkhEPv64Iz1ZpHef8M6tnKw+hliiG7Dl9lVtG6ZRiniIDryasWJGfo8NP5uy/3EDyopfzD1BShXbFPeRaTDk4IpP8JjwtkdAo081U9s59LKAhYweQEUgYtAh3CvqOQxmTTgY2Rf3hi6a2MLxejRiNLi6Dhwqj6iWxVQca1kLi03TI3JZPt3dl5wBLuN7B79 root@ubuntu-bionic
-----END SSH HOST KEY KEYS-----
[   35.890528] cloud-init[1649]: Cloud-init v. 23.1.2-0ubuntu0~18.04.1 running 'modules:final' at Sun, 27 Oct 2024 02:30:58 +0000. Up 35.36 seconds.
[   35.935347] cloud-init[1649]: Cloud-init v. 23.1.2-0ubuntu0~18.04.1 finished at Sun, 27 Oct 2024 02:30:58 +0000. Datasource DataSourceNoCloud [seed=/dev/sdb][dsmode=net].  Up 35.88 seconds
